1.
a) 129.94.208.2
b) localhost this is the ip address of your own computer


2.
Can't reach:
getfittest.com.au (name or service not found) - can't reach by web browser either
hola.hp (name or service not found) - can't reach by web browser either
kremlin.ru (never responds) - can reach by web browser

Can reach by ping (8.8.8.8) - can't reach by web browser (this is the google DNS)

Some websites disable ping because of Ddos attacks aimed to crash the server


3. a) 
z5383657@oboe20:~$ traceroute www.columbia.edu
traceroute to www.columbia.edu (128.59.105.24), 30 hops max, 60 byte packets
 1  cserouter1-trusted.cse.unsw.EDU.AU (129.94.208.251)  6.231 ms  6.193 ms  6.162 ms
 2  129.94.39.17 (129.94.39.17)  6.131 ms  6.101 ms  6.071 ms
 3  172.17.31.154 (172.17.31.154)  6.078 ms  6.037 ms  6.011 ms
 4  po-3-1902.ombcr1.gw.unsw.edu.au (129.94.24.20)  5.933 ms  5.904 ms  5.876 ms
 5  unswbr1-te-2-13.gw.unsw.edu.au (149.171.255.105)  5.847 ms  5.816 ms  5.788 ms
 6  138.44.5.0 (138.44.5.0)  5.758 ms  1.689 ms  1.645 ms
 7  et-1-1-0.pe1.mcqp.nsw.aarnet.net.au (113.197.15.4)  2.018 ms  1.795 ms  1.949 ms
 8  et-0_0_2.bdr1.guam.gum.aarnet.net.au (113.197.14.137)  71.904 ms  71.903 ms  71.864 ms
 9  138.44.228.5 (138.44.228.5)  185.783 ms  185.761 ms  185.760 ms
10  fourhundredge-0-0-0-2.4079.core2.salt.net.internet2.edu (163.253.1.115)  237.896 ms  237.907 ms  237.810 ms
11  fourhundredge-0-0-0-21.4079.core1.salt.net.internet2.edu (163.253.1.28)  238.556 ms fourhundredge-0-0-0-23.4079.core1.salt.net.internet2.edu (163.253.1.32)  238.407 ms fourhundredge-0-0-0-22.4079.core1.salt.net.internet2.edu (163.253.1.30)  237.320 ms
12  fourhundredge-0-0-0-0.4079.core1.denv.net.internet2.edu (163.253.1.170)  236.529 ms  236.386 ms fourhundredge-0-0-0-0.4079.core2.kans.net.internet2.edu (163.253.1.251)  236.998 ms
13  fourhundredge-0-0-0-0.4079.core1.chic.net.internet2.edu (163.253.2.28)  236.560 ms fourhundredge-0-0-0-0.4079.core1.kans.net.internet2.edu (163.253.1.243)  238.048 ms  238.058 ms
14  fourhundredge-0-0-0-3.4079.core2.chic.net.internet2.edu (163.253.1.244)  236.395 ms fourhundredge-0-0-0-22.4079.core2.chic.net.internet2.edu (163.253.1.97)  237.551 ms fourhundredge-0-0-0-3.4079.core2.chic.net.internet2.edu (163.253.1.244)  237.541 ms
15  fourhundredge-0-0-0-3.4079.core2.eqch.net.internet2.edu (163.253.2.19)  238.678 ms  237.419 ms  237.421 ms
16  fourhundredge-0-0-0-0.4079.core2.clev.net.internet2.edu (163.253.2.16)  237.436 ms  237.381 ms  237.423 ms
17  buf-9208-I2-CLEV.nysernet.net (199.109.11.33)  238.464 ms  238.519 ms  238.356 ms
18  syr-55a1-buf-9208.nysernet.net (199.109.7.213)  241.970 ms  241.915 ms  242.005 ms
19  nyc32-55a1-syr-55a1.nysernet.net (199.109.7.206)  247.529 ms  247.513 ms  247.491 ms
20  nyc32-9208-nyc32-55a1.nysernet.net (199.109.7.201)  247.415 ms  247.332 ms  247.375 ms
21  columbia.nyc-9208.nysernet.net (199.109.4.14)  246.874 ms  246.732 ms  247.423 ms
22  cc-core-1-x-nyser32-gw-1.net.columbia.edu (128.59.255.5)  247.405 ms  247.342 ms  247.044 ms
23  cc-conc-1-x-cc-core-1.net.columbia.edu (128.59.255.21)  247.228 ms  247.464 ms  247.452 ms
24  www.neurotheory.columbia.edu (128.59.105.24)  247.362 ms  247.794 ms  247.706 ms

23 routers since the 24th is www.neurotheory.columbia.edu.
I think 5 routers are on the UNSW network.
Between routers 8 and 10. This is because of the time taken and the name of 9th router (guam).

b)
z5383657@oboe20:~$ traceroute www.ucla.edu
traceroute to www.ucla.edu (108.138.94.53), 30 hops max, 60 byte packets
 1  cserouter1-trusted.cse.unsw.EDU.AU (129.94.208.251)  0.161 ms  0.143 ms  0.137 ms
 2  129.94.39.17 (129.94.39.17)  0.933 ms  0.931 ms  0.920 ms
 3  172.17.31.154 (172.17.31.154)  3.321 ms  3.316 ms  3.058 ms
 4  po-3-1902.ombcr1.gw.unsw.edu.au (129.94.24.20)  1.294 ms  1.227 ms  1.332 ms
 5  unswbr1-te-2-13.gw.unsw.edu.au (149.171.255.105)  1.152 ms  1.200 ms  1.194 ms
 6  138.44.5.0 (138.44.5.0)  1.359 ms  1.371 ms  1.341 ms
 7  et-0-3-0.pe1.bkvl.nsw.aarnet.net.au (113.197.15.147)  1.719 ms  1.744 ms  1.850 ms
 8  xe-0-2-5.bdr1.b.sea.aarnet.net.au (202.158.194.121)  144.204 ms  144.155 ms  144.167 ms
 9  xe-4-1-1.mpr1.sea1.us.above.net (64.125.193.129)  144.155 ms  144.145 ms  144.140 ms
10  ae28.cs2.sea1.us.eth.zayo.com (64.125.29.104)  144.137 ms  144.120 ms  143.933 ms
11  ae27.mpr2.sea1.us.zip.zayo.com (64.125.29.3)  143.914 ms  143.798 ms  143.882 ms
12  99.82.182.102 (99.82.182.102)  163.315 ms  163.259 ms  163.213 ms
13  * * *
14  * * *
15  * * *
16  * * *
17  150.222.214.201 (150.222.214.201)  144.214 ms 150.222.214.200 (150.222.214.200)  144.193 ms  144.189 ms
18  * * *
19  * * *
20  * * *
21  * * *
22  * * *
23  * * *
24  * * *
25  * * *
26  * * *
27  * * *
28  * * *
29  * * *
30  * * *

z5383657@oboe20:~$ traceroute www.u-tokyo.ac.jp
traceroute to www.u-tokyo.ac.jp (210.152.243.234), 30 hops max, 60 byte packets
 1  cserouter1-trusted.cse.unsw.EDU.AU (129.94.208.251)  7.927 ms  7.927 ms  7.922 ms
 2  129.94.39.17 (129.94.39.17)  7.918 ms  7.898 ms  7.870 ms
 3  172.17.31.154 (172.17.31.154)  7.878 ms  7.874 ms  7.864 ms
 4  po-3-1902.ombcr1.gw.unsw.edu.au (129.94.24.20)  7.854 ms  7.840 ms  7.824 ms
 5  unswbr1-te-2-13.gw.unsw.edu.au (149.171.255.105)  7.797 ms  7.791 ms  7.785 ms
 6  138.44.5.0 (138.44.5.0)  7.787 ms  1.506 ms  1.504 ms
 7  et-0-3-0.pe1.bkvl.nsw.aarnet.net.au (113.197.15.147)  2.316 ms  2.366 ms  2.241 ms
 8  ge-4_0_0.bb1.a.pao.aarnet.net.au (202.158.194.177)  156.234 ms  156.212 ms  156.201 ms
 9  paloalto0.iij.net (198.32.176.24)  158.738 ms  158.830 ms  158.728 ms
10  osk004bb01.IIJ.Net (58.138.88.189)  267.589 ms osk011bb00.IIJ.Net (58.138.84.225)  289.897 ms osk004bb01.IIJ.Net (58.138.88.189)  267.629 ms
11  osk004ip57.IIJ.Net (58.138.106.162)  275.776 ms  275.814 ms osk004ip57.IIJ.Net (58.138.106.166)  267.488 ms
12  210.130.135.130 (210.130.135.130)  278.963 ms  278.181 ms  277.792 ms
13  124.83.228.58 (124.83.228.58)  275.769 ms  276.169 ms  276.211 ms
14  124.83.252.178 (124.83.252.178)  282.991 ms  281.757 ms  277.603 ms
15  158.205.134.26 (158.205.134.26)  273.507 ms  273.790 ms  273.623 ms
16  * * *
17  * * *
18  * * *
19  * * *
20  * * *
21  * * *
22  * * *
23  * * *
24  * * *
25  * * *
26  * * *
27  * * *
28  * * *
29  * * *
30  * * *

z5383657@oboe20:~$ traceroute www.lancaster.ac.uk
traceroute to www.lancaster.ac.uk (148.88.65.80), 30 hops max, 60 byte packets
 1  cserouter1-trusted.cse.unsw.EDU.AU (129.94.208.251)  13.659 ms  13.655 ms  13.650 ms
 2  129.94.39.17 (129.94.39.17)  13.644 ms  13.636 ms  13.631 ms
 3  172.17.31.154 (172.17.31.154)  13.639 ms  13.635 ms  13.625 ms
 4  po-3-1902.ombcr1.gw.unsw.edu.au (129.94.24.20)  13.603 ms  13.600 ms  13.599 ms
 5  unswbr1-te-2-13.gw.unsw.edu.au (149.171.255.105)  13.585 ms  13.583 ms  13.564 ms
 6  138.44.5.0 (138.44.5.0)  13.544 ms  1.505 ms  1.577 ms
 7  et-2-0-5.bdr1.sing.sin.aarnet.net.au (113.197.15.233)  92.875 ms  92.924 ms  92.918 ms
 8  138.44.226.7 (138.44.226.7)  256.470 ms  256.437 ms  256.445 ms
 9  janet-gw.mx1.lon.uk.geant.net (62.40.124.198)  256.442 ms  256.432 ms  256.425 ms
10  ae29.londpg-sbr2.ja.net (146.97.33.2)  259.162 ms  259.206 ms  259.200 ms
11  ae31.erdiss-sbr2.ja.net (146.97.33.22)  264.956 ms  265.006 ms  263.642 ms
12  ae29.manckh-sbr2.ja.net (146.97.33.42)  263.071 ms  263.002 ms  263.016 ms
13  ae25.manckh-ban1.ja.net (146.97.35.50)  262.302 ms  262.721 ms  262.715 ms
14  lancaster-uni.ja.net (146.97.40.178)  281.719 ms  281.652 ms  281.698 ms
15  * * *
16  * * *
17  * * *
18  * * *
19  * * *
20  * * *
21  * * *
22  * * *
23  * * *
24  * * *
25  * * *
26  * * *
27  * * *
28  * * *
29  * * *
30  * * *

They diverge at the 6th router -> 138.44.5.0 (router located in middle of south australia near mimili)

NetRange:       138.44.0.0 - 138.44.255.255
CIDR:           138.44.0.0/16
NetName:        APNIC-ERX-138-44-0-0
NetHandle:      NET-138-44-0-0-1
Parent:         NET138 (NET-138-0-0-0-0)
NetType:        Early Registrations, Transferred to APNIC
OriginAS:       
Organization:   Asia Pacific Network Information Centre (APNIC)
RegDate:        2003-12-11
Updated:        2009-10-08
Comment:        This IP address range is not registered in the ARIN database.
Comment:        This range was transferred to the APNIC Whois Database as
Comment:        part of the ERX (Early Registration Transfer) project.
Comment:        For details, refer to the APNIC Whois Database via
Comment:        WHOIS.APNIC.NET or http://wq.apnic.net/apnic-bin/whois.pl
Comment:        
Comment:        ** IMPORTANT NOTE: APNIC is the Regional Internet Registry
Comment:        for the Asia Pacific region.  APNIC does not operate networks
Comment:        using this IP address range and is not able to investigate
Comment:        spam or abuse reports relating to these addresses.  For more
Comment:        help, refer to http://www.apnic.net/apnic-info/whois_search2/abuse-and-spamming
Ref:            https://rdap.arin.net/registry/ip/138.44.0.0

c)
http://www.speedtest.com.sg/tr.php
traceroute to 129.94.211.150 (129.94.211.150), 30 hops max, 60 byte packets
1  202.150.221.169 (202.150.221.169)  0.140 ms  0.153 ms  0.168 ms
2  10.11.34.146 (10.11.34.146)  0.376 ms  0.642 ms  0.690 ms
3  aarnet.sgix.sg (103.16.102.67)  209.178 ms  209.135 ms  209.153 ms
4  et-7-3-0.pe1.nsw.brwy.aarnet.net.au (113.197.15.232)  209.185 ms  209.195 ms  209.204 ms
5  138.44.5.1 (138.44.5.1)  221.254 ms  221.201 ms  221.272 ms
6  libcr1-te-1-5.gw.unsw.edu.au (149.171.255.102)  209.283 ms  209.376 ms  209.537 ms
7  irb-51901.kecd1-176q4-cbl-e1.gw.unsw.edu.au (129.94.24.10)  200.770 ms  201.067 ms  201.025 ms
8  * * *
9  129.94.39.23 (129.94.39.23)  210.251 ms  210.201 ms  210.125 ms
10  * * *

z5383657@oboe20:~$ traceroute www.speedtest.com.sg
traceroute to www.speedtest.com.sg (202.150.221.170), 30 hops max, 60 byte packets
 1  cserouter1-trusted.cse.unsw.EDU.AU (129.94.208.251)  0.148 ms  0.134 ms  0.127 ms
 2  129.94.39.17 (129.94.39.17)  0.880 ms  0.927 ms  0.866 ms
 3  172.17.31.154 (172.17.31.154)  3.224 ms  3.215 ms  3.210 ms
 4  po-3-1902.ombcr1.gw.unsw.edu.au (129.94.24.20)  1.234 ms  1.161 ms  1.222 ms
 5  unswbr1-te-2-13.gw.unsw.edu.au (149.171.255.105)  1.275 ms  1.206 ms  1.200 ms
 6  138.44.5.0 (138.44.5.0)  4.004 ms  3.392 ms  3.431 ms
 7  et-0-3-0.pe1.alxd.nsw.aarnet.net.au (113.197.15.153)  1.803 ms  1.882 ms  1.908 ms
 8  xe-0-2-7.bdr1.a.lax.aarnet.net.au (202.158.194.173)  147.895 ms  147.946 ms  147.881 ms
 9  singtel.as7473.any2ix.coresite.com (206.72.210.63)  147.931 ms  147.700 ms  147.973 ms
10  203.208.171.117 (203.208.171.117)  148.047 ms  147.970 ms  148.027 ms
11  203.208.172.145 (203.208.172.145)  247.046 ms 203.208.177.110 (203.208.177.110)  326.720 ms  330.355 ms
12  * 203.208.182.253 (203.208.182.253)  331.156 ms *
13  203.208.177.110 (203.208.177.110)  318.482 ms 202.150.221.170 (202.150.221.170)  200.908 ms 203.208.177.110 (203.208.177.110)  321.629 ms


http://traceroute.sdv.fr/index.php?v6=0&host=129.94.211.150
1	wblindix.sdv.fr      	212.95.66.126      	0.239 ms
2	border-gateway2.sdv.fr      	212.95.69.227      	0.87 ms
3	th2-10g-0003.sdv.fr      	212.95.64.54      	7.035 ms
4	equinix-paris.mpr1.cdg12.fr.above.net      	195.42.144.13      	7.414 ms
9	ae2.cs1.sea1.us.eth.zayo.com      	64.125.29.26      	134.745 ms
11	64.125.193.130.i223.above.net      	64.125.193.130      	289.031 ms
12	xe-0-2-1.pe1.bkvl.nsw.aarnet.net.au      	202.158.194.120      	293.844 ms

z5383657@oboe20:~$ traceroute traceroute.sdv.fr
traceroute to traceroute.sdv.fr (212.95.66.5), 30 hops max, 60 byte packets
 1  cserouter1-trusted.cse.unsw.EDU.AU (129.94.208.251)  0.175 ms  0.163 ms  0.158 ms
 2  129.94.39.17 (129.94.39.17)  0.960 ms  0.937 ms  0.857 ms
 3  172.17.31.154 (172.17.31.154)  1.937 ms  1.686 ms  1.924 ms
 4  po-3-1902.ombcr1.gw.unsw.edu.au (129.94.24.20)  1.329 ms  1.236 ms  1.317 ms
 5  unswbr1-te-2-13.gw.unsw.edu.au (149.171.255.105)  1.303 ms  1.161 ms  1.291 ms
 6  138.44.5.0 (138.44.5.0)  1.405 ms  1.320 ms  1.305 ms
 7  et-0-3-0.pe1.bkvl.nsw.aarnet.net.au (113.197.15.147)  1.784 ms  1.864 ms  1.745 ms
 8  ge-4_0_0.bb1.a.pao.aarnet.net.au (202.158.194.177)  156.098 ms  156.018 ms  156.024 ms
 9  paloalto1.pao.seabone.net (198.32.176.70)  158.271 ms  158.326 ms  158.260 ms
10  ae20.parigi52.par.seabone.net (213.144.168.167)  296.461 ms  295.628 ms  295.756 ms
11  ielo-liazo.parigi52.par.seabone.net (213.144.183.101)  301.149 ms  301.126 ms  296.827 ms
12  * * *
13  * * *
14  sdv-plurimedia.customers-sfr-str.ielo.net (212.85.149.173)  291.026 ms  295.372 ms  290.279 ms
15  * * *

ip address of www.speedtest.com.sg is 202.150.221.170
ip address of traceroute.sdv.fr is 212.95.66.5

the reverse path goes through similar routers (e.g. et-0-3-0.pe1.bkvl.nsw.aarnet.net.au (113.197.15.147)) but
not the exact same routers for all steps. This is because there are bottlenecks which take the majority of
internet traffic such as the aarnet.

Some routers that are repeated have similar ip addresses, varying only slightly in the later numbers. This is
because they need to handle load and so have multiple addresses.

4.
a) Congestion, propagation delay.
b) Varies over time, due to congestion.
c)
Processing delay - time it takes to process the headers of a packet (affected by packet size since more packets
but not really a problem in real life)
Queueing delay - time it takes for the current queue to be empty (affected by packet size since more packets
but depends on the congestion level of the router)
Propagation delay - time it takes to travel through the physical medium (not affected by packet size)
Transmission delay - time it takes to send entire packet from node to medium (affected by packet size) 
